// Vitest Snapshot v1

exports[`HalfGuardPass > renders properly 1`] = `"<h1>Half guard pass</h1>"`;
