// Vitest Snapshot v1

exports[`HipBump > renders properly 1`] = `"<h1>Hip bump sweep</h1>"`;
