// Vitest Snapshot v1

exports[`Scissor > renders properly 1`] = `"<h1>Scissor sweep</h1>"`;
