// Vitest Snapshot v1

exports[`Kimura > renders properly 1`] = `"<h1>Kimura</h1>"`;
