// Vitest Snapshot v1

exports[`Omoplata > renders properly 1`] = `"<h1>Omoplata</h1>"`;
