// Vitest Snapshot v1

exports[`Triangle > renders properly 1`] = `"<h1>Triangle</h1>"`;
