// Vitest Snapshot v1

exports[`BackMount > renders properly 1`] = `"<h1>Back mount</h1>"`;
