// Vitest Snapshot v1

exports[`ClosedGuard > renders properly 1`] = `"<h1>Closed guard</h1>"`;
