// Vitest Snapshot v1

exports[`CollarSleeveGuard > renders properly 1`] = `"<h1>Collar sleeve guard</h1>"`;
