// Vitest Snapshot v1

exports[`DeLaRivaGuard > renders properly 1`] = `"<h1>De la Riva guard</h1>"`;
