// Vitest Snapshot v1

exports[`HalfGuard > renders properly 1`] = `"<h1>Half guard</h1>"`;
