// Vitest Snapshot v1

exports[`KneeOnChest > renders properly 1`] = `"<h1>Knee on chest</h1>"`;
