// Vitest Snapshot v1

exports[`Mount > renders properly 1`] = `"<h1>Mount</h1>"`;
