// Vitest Snapshot v1

exports[`SideControl > renders properly 1`] = `"<h1>Side control</h1>"`;
