// Vitest Snapshot v1

exports[`SpiderGuard > renders properly 1`] = `"<h1>Spider guard</h1>"`;
